LIBZWERG_0.1 {
  global:
	zw_error_destroy;
	zw_error_message;

	zw_vocabulary_init;
	zw_vocabulary_destroy;
	zw_vocabulary_core;
	zw_vocabulary_dwarf;
	zw_vocabulary_add;

	zw_stack_init;
	zw_stack_destroy;
	zw_stack_push;
	zw_stack_push_take;
	zw_stack_depth;
	zw_stack_at;

	zw_query_parse;
	zw_query_parse_len;
	zw_query_destroy;
	zw_query_execute;

	zw_result_next;
	zw_result_destroy;

	zw_value_pos;
	zw_value_destroy;

	zw_value_init_const_i64;
	zw_value_init_const_u64;
	zw_value_is_const;
	zw_value_const_is_signed;
	zw_value_const_u64;
	zw_value_const_i64;
	zw_value_const_format;
	zw_value_const_format_brief;

	zw_value_init_str;
	zw_value_init_str_len;
	zw_value_is_str;
	zw_value_str_str;

	zw_value_is_seq;
	zw_value_seq_length;
	zw_value_seq_at;

	zw_machine_init;
	zw_machine_destroy;
	zw_machine_code;

	zw_cdom_name;
	zw_cdom_is_arith;
	zw_cdom_dec;
	zw_cdom_hex;
	zw_cdom_oct;
	zw_cdom_bin;
	zw_cdom_bool;
	zw_cdom_dw_tag;
	zw_cdom_dw_attr;
	zw_cdom_dw_form;
	zw_cdom_dw_lang;
	zw_cdom_dw_macinfo;
	zw_cdom_dw_macro;
	zw_cdom_dw_inline;
	zw_cdom_dw_encoding;
	zw_cdom_dw_access;
	zw_cdom_dw_visibility;
	zw_cdom_dw_virtuality;
	zw_cdom_dw_identifier_case;
	zw_cdom_dw_calling_convention;
	zw_cdom_dw_ordering;
	zw_cdom_dw_discr_list;
	zw_cdom_dw_decimal_sign;
	zw_cdom_dw_locexpr_opcode;
	zw_cdom_dw_address_class;
	zw_cdom_dw_endianity;
	zw_cdom_elfsym_stt;
	zw_cdom_elfsym_stb;
	zw_cdom_elfsym_stv;

	zw_value_init_dwarf;
	zw_value_init_dwarf_raw;
	zw_value_is_dwarf;
	zw_value_dwarf_dwfl;
	zw_value_dwarf_name;
	zw_value_dwarf_machine;

	zw_value_is_cu;
	zw_value_cu_cu;
	zw_value_cu_offset;

	zw_value_is_die;
	zw_value_die_die;
	zw_value_die_dwarf;

	zw_value_is_attr;
	zw_value_attr_attr;
	zw_value_attr_dwarf;

	zw_value_is_llelem;
	zw_value_llelem_low;
	zw_value_llelem_high;
	zw_value_llelem_attribute;
	zw_value_llelem_expr;

	zw_value_is_llop;
	zw_value_llop_attribute;
	zw_value_llop_op;

	zw_value_is_aset;
	zw_value_aset_length;
	zw_value_aset_at;

	zw_value_is_elfsym;
	zw_value_elfsym_symidx;
	zw_value_elfsym_symbol;
	zw_value_elfsym_name;
	zw_value_elfsym_dwarf;

  local:
	*;
};

LIBZWERG_0.4 {
  global:
	zw_value_clone;
	zw_cdom_dw_defaulted;
	zw_value_is_elf;
	zw_value_elf_dwarf;
} LIBZWERG_0.1;

LIBZWERG_0.5 {
  global:
	zw_vocabulary_elf;
} LIBZWERG_0.1;
